C:\EE4214\controller_version_6\implementation\system.ngc 1319985702
C:/EE4214/controller_version_6/implementation/microblaze_0_wrapper.ngc 1319985636
C:/EE4214/controller_version_6/implementation/mb_plb_wrapper.ngc 1319985375
C:/EE4214/controller_version_6/implementation/ilmb_wrapper.ngc 1319985639
C:/EE4214/controller_version_6/implementation/dlmb_wrapper.ngc 1319985643
C:/EE4214/controller_version_6/implementation/dlmb_cntlr_wrapper.ngc 1319985388
C:/EE4214/controller_version_6/implementation/ilmb_cntlr_wrapper.ngc 1319985392
C:/EE4214/controller_version_6/implementation/lmb_bram_wrapper.ngc 1319985396
C:/EE4214/controller_version_6/implementation/rs232_dte_wrapper.ngc 1319985645
C:/EE4214/controller_version_6/implementation/rs232_dce_wrapper.ngc 1319985648
C:/EE4214/controller_version_6/implementation/dip_switches_4bit_wrapper.ngc 1319985452
C:/EE4214/controller_version_6/implementation/buttons_3bit_wrapper.ngc 1319985468
C:/EE4214/controller_version_6/implementation/ddr_sdram_wrapper.ngc 1319985650
C:/EE4214/controller_version_6/implementation/xps_timer_0_wrapper.ngc 1319985588
C:/EE4214/controller_version_6/implementation/clock_generator_0_wrapper.ngc 1319985653
C:/EE4214/controller_version_6/implementation/mdm_0_wrapper.ngc 1319985606
C:/EE4214/controller_version_6/implementation/proc_sys_reset_0_wrapper.ngc 1319985612
C:/EE4214/controller_version_6/implementation/xps_intc_0_wrapper.ngc 1319985659
OK
